Godot Engine v4.3.stable.official.77dcf97d8 - https://godotengine.org

savepack: begin: 打包中 steps: 102
	savepack: step 2: 保存文件：res://.godot/imported/NotoSansSC-Regular.otf-c0c85f3b3b2ad6d96b65df5f3103bb43.fontdata
	savepack: step 2: 保存文件：res://assets/fonts/NotoSansSC-Regular.otf.import
	savepack: step 7: 保存文件：res://data/ch1/demo2_ch1_content_v01.json
	savepack: step 12: 保存文件：res://data/ch1/demo2_ch1_content_v02_patch.json
	savepack: step 17: 保存文件：res://data/ch1/demo2_ch1_manifest_v01.json
	savepack: step 22: 保存文件：res://data/ch1/demo2_ch1_shan_answers_v02.json
	savepack: step 27: 保存文件：res://data/ch1/demo2_ch1_state_v01.json
	savepack: step 32: 保存文件：res://data/ch1/demo2_ch1_state_v02.json
	savepack: step 37: 保存文件：res://.godot/imported/01_s01_modern_article.png-9de3ffd045ecdc40435d283b726c72e6.ctex
	savepack: step 37: 保存文件：res://docs/run-2026-09-13/01_s01_modern_article.png.import
	savepack: step 42: 保存文件：res://.godot/imported/02_mid_route.png-9cca9fbfb2b242e2eb2a089ea1ae1567.ctex
	savepack: step 42: 保存文件：res://docs/run-2026-09-13/02_mid_route.png.import
	savepack: step 47: 保存文件：res://.godot/imported/03_s11_outcome_router.png-9623ab2e23b079860da2f6640a899b46.ctex
	savepack: step 47: 保存文件：res://docs/run-2026-09-13/03_s11_outcome_router.png.import
	savepack: step 52: 保存文件：res://.godot/imported/04_s14_ending_truth.png-f4b2042bf11667bde4ac76509e3d662f.ctex
	savepack: step 52: 保存文件：res://docs/run-2026-09-13/04_s14_ending_truth.png.import
	savepack: step 57: 保存文件：res://.godot/imported/01_s05_investigation_shan_answer.png-7909a38154908b525353c82b07933974.ctex
	savepack: step 57: 保存文件：res://docs/run-2026-09-14-exploration/01_s05_investigation_shan_answer.png.import
	savepack: step 62: 保存文件：res://.godot/imported/02_s07_investigation_panel.png-e02759ba6927034a1dc292c3ed9f6474.ctex
	savepack: step 62: 保存文件：res://docs/run-2026-09-14-exploration/02_s07_investigation_panel.png.import
	savepack: step 67: 保存文件：res://.godot/imported/03_s11_outcome_router_gate_hint.png-57a78b179f8b5e9dab9b5f4cef36d472.ctex
	savepack: step 67: 保存文件：res://docs/run-2026-09-14-exploration/03_s11_outcome_router_gate_hint.png.import
	savepack: step 72: 保存文件：res://.godot/imported/04_s14_ending_truth.png-1ee6f6a2263305e14423eca348791aea.ctex
	savepack: step 72: 保存文件：res://docs/run-2026-09-14-exploration/04_s14_ending_truth.png.import
	savepack: step 77: 保存文件：res://scripts/main.gdc
	savepack: step 82: 保存文件：res://tools/qa_tour.gdc
	savepack: step 87: 保存文件：res://.godot/exported/133200997/export-ec27cb66b0f000c560cbba65e1b2079e-qa_tour.scn
	savepack: step 92: 保存文件：res://tools/smoke_test.gdc
	savepack: step 97: 保存文件：res://.godot/exported/133200997/export-3070c538c03ee49b7677ff960a3f5195-main.scn
	savepack: step 97: 保存文件：res://scripts/main.gd.remap
	savepack: step 97: 保存文件：res://tools/qa_tour.gd.remap
	savepack: step 97: 保存文件：res://tools/qa_tour.tscn.remap
	savepack: step 97: 保存文件：res://tools/smoke_test.gd.remap
	savepack: step 97: 保存文件：res://main.tscn.remap
	savepack: step 97: 保存文件：res://.godot/global_script_class_cache.cfg
	savepack: step 97: 保存文件：res://.godot/uid_cache.bin
	savepack: step 97: 保存文件：res://project.binary
savepack: end
